1- created an administrative account, capable of using sudo command to gain root user privileges

# useradd -m -c "Admin User" admin
# passwd admin

2- Next, add this user to the appropriate group of system administrators 

# usermod -aG wheel admin #CentOS/RHEL
# usermod -aG sudo admin #Debian/Ubuntu

3- Once you have created a user with administrative privileges, switch to that account in order to
block root access.

# su - admin

4- Change root Userâ€™s Shell

$ sudo vim /etc/passwd
Change the line:

root:x:0:0:root:/root:/bin/bash
to
root:x:0:0:root:/root:/sbin/nologin

5- Disable root Login via Console Device (TTY)

$ sudo mv /etc/securetty /etc/securetty.orig
$ sudo touch /etc/securetty
$ sudo chmod 600 /etc/securetty

6- Disable SSH Root Login

$ sudo vim /etc/ssh/sshd_config

$ sudo systemctl restart sshd
OR
$ sudo service sshd restart

7- Next, add the configuration below in both files.

auth required pam_listfile.so \
onerr=succeed item=user sense=deny
file=/etc/ssh/deniedusers

8- When you are done, save and close each file. Then create the plain file /etc/ssh/deniedusers which
should contain one item per line and not world readable.

$ sudo vim /etc/ssh/deniedusers

$ sudo chmod 600 /etc/ssh/deniedusers
